{
   "generated_at": "2024-10-03T00:00:00Z",
   "plugins_used": [
      {
         "name": "AWSKeyDetector"
      },
      {
         "name": "ArtifactoryDetector"
      },
      {
         "name": "AzureStorageKeyDetector"
      },
      {
         "name": "Base64HighEntropyString"
      },
      {
         "name": "BasicAuthDetector"
      },
      {
         "name": "BatchTokenDetector"
      },
      {
         "name": "CloudantDetector"
      },
      {
         "name": "CommitHashAsh"
      },
      {
         "name": "DockerHubDetector"
      },
      {
         "name": "EmailDetector"
      },
      {
         "name": "EntropyKeywordDetector"
      },
      {
         "name": "GithubTokenDetector"
      },
      {
         "name": "HexHighEntropyString"
      },
      {
         "name": "IbmCloudIamDetector"
      },
      {
         "name": "IpAddressDetector"
      },
      {
         "name": "JiraDetector"
      },
      {
         "name": "KeywordDetector"
      },
      {
         "name": "MailchimpDetector"
      },
      {
         "name": "NpmTokenDetector"
      },
      {
         "name": "OpenAiApiKeyDetector"
      },
      {
         "name": "PrivateKeyDetector"
      },
      {
         "name": "SlackTokenDetector"
      },
      {
         "name": "SoftlayerDetector"
      },
      {
         "name": "SquareOAuthDetector"
      },
      {
         "name": "StripeDetector"
      },
      {
         "name": "TwilioKeyDetector"
      }
   ],
   "results": [],
   "version": "v1.5.0"
}
